2026-06-11 19:40:13 - Fetching config from server at : http://localhost:8888
2026-06-11 19:40:13 - Located environment: name=students-service, profiles=[default], label=null, version=88e9904e89aaa7982277f55f2947b8965c542ec5, state=null
2026-06-11 19:40:30 - Fetching config from server at : http://localhost:8888
2026-06-11 19:40:37 - Located environment: name=students-service, profiles=[default], label=null, version=88e9904e89aaa7982277f55f2947b8965c542ec5, state=null
2026-06-11 19:40:37 - Located property source: [BootstrapPropertySource {name='bootstrapProperties-configClient'}, BootstrapPropertySource {name='bootstrapProperties-https://github.com/Cynthia21Morales/config-repo/students-service.yml'}]
2026-06-11 19:40:37 - No active profile set, falling back to 1 default profile: "default"
2026-06-11 19:40:37 - Fetching config from server at : http://localhost:8888
2026-06-11 19:40:37 - Located environment: name=students-service, profiles=[default], label=null, version=88e9904e89aaa7982277f55f2947b8965c542ec5, state=null
2026-06-11 19:40:38 - Bootstrapping Spring Data JPA repositories in DEFAULT mode.
2026-06-11 19:40:38 - Finished Spring Data repository scanning in 156 ms. Found 1 JPA repository interface.
2026-06-11 19:40:38 - BeanFactory id=e79b776b-33b4-3c77-bdfb-a006192331a5
2026-06-11 19:40:38 - Bean 'org.springframework.cloud.client.loadbalancer.LoadBalancerAutoConfiguration$DeferringLoadBalancerInterceptorConfig' of type [org.springframework.cloud.client.loadbalancer.LoadBalancerAutoConfiguration$DeferringLoadBalancerInterceptorConfig] is not eligible for getting processed by all BeanPostProcessors (for example: not eligible for auto-proxying). The currently created BeanPostProcessor [lbRestClientPostProcessor] is declared through a non-static factory method on that class; consider declaring it as static instead.
2026-06-11 19:40:38 - Bean 'deferringLoadBalancerInterceptor' of type [org.springframework.cloud.client.loadbalancer.DeferringLoadBalancerInterceptor] is not eligible for getting processed by all BeanPostProcessors (for example: not eligible for auto-proxying). Is this bean getting eagerly injected into a currently created BeanPostProcessor [lbRestClientPostProcessor]? Check the corresponding BeanPostProcessor declaration and its dependencies.
2026-06-11 19:40:38 - Tomcat initialized with port 8081 (http)
2026-06-11 19:40:38 - Starting service [Tomcat]
2026-06-11 19:40:38 - Starting Servlet engine: [Apache Tomcat/10.1.20]
2026-06-11 19:40:39 - Initializing Spring embedded WebApplicationContext
2026-06-11 19:40:39 - Root WebApplicationContext: initialization completed in 1522 ms
2026-06-11 19:40:39 - HHH000204: Processing PersistenceUnitInfo [name: default]
2026-06-11 19:40:39 - HHH000412: Hibernate ORM core version 6.4.4.Final
2026-06-11 19:40:39 - HHH000026: Second-level cache disabled
2026-06-11 19:40:39 - No LoadTimeWeaver setup: ignoring JPA class transformer
2026-06-11 19:40:39 - HikariPool-1 - Starting...
2026-06-11 19:40:40 - HikariPool-1 - Added connection com.mysql.cj.jdbc.ConnectionImpl@5c930fc3
2026-06-11 19:40:40 - HikariPool-1 - Start completed.
2026-06-11 19:40:40 - HHH90000025: MySQLDialect does not need to be specified explicitly using 'hibernate.dialect' (remove the property setting and it will be selected by default)
2026-06-11 19:40:41 - HHH000489: No JTA platform available (set 'hibernate.transaction.jta.platform' to enable JTA platform integration)
2026-06-11 19:40:41 - Initialized JPA EntityManagerFactory for persistence unit 'default'
2026-06-11 19:40:41 - spring.jpa.open-in-view is enabled by default. Therefore, database queries may be performed during view rendering. Explicitly configure spring.jpa.open-in-view to disable this warning
2026-06-11 19:40:44 - Eureka HTTP Client uses RestTemplate.
2026-06-11 19:40:44 - Spring Cloud LoadBalancer is currently working with the default cache. While this cache implementation is useful for development and tests, it's recommended to use Caffeine cache in production.You can switch to using Caffeine cache, by adding it and org.springframework.cache.caffeine.CaffeineCacheManager to the classpath.
2026-06-11 19:40:44 - Setting initial instance status as: STARTING
2026-06-11 19:40:44 - Initializing Eureka in region us-east-1
2026-06-11 19:40:44 - Resolving eureka endpoints via configuration
2026-06-11 19:40:44 - Disable delta property : false
2026-06-11 19:40:44 - Single vip registry refresh property : null
2026-06-11 19:40:44 - Force full registry fetch : false
2026-06-11 19:40:44 - Application is null : false
2026-06-11 19:40:44 - Registered Applications size is zero : true
2026-06-11 19:40:44 - Application version is -1: true
2026-06-11 19:40:44 - Getting all instance registry info from the eureka server
2026-06-11 19:40:44 - The response status is 200
2026-06-11 19:40:44 - Starting heartbeat executor: renew interval is: 30
2026-06-11 19:40:44 - InstanceInfoReplicator onDemand update allowed rate per min is 4
2026-06-11 19:40:44 - Discovery Client initialized at timestamp 1781228444586 with initial instances count: 2
2026-06-11 19:40:44 - Registering application STUDENTS-SERVICE with eureka with status UP
2026-06-11 19:40:44 - Saw local status change event StatusChangeEvent [timestamp=1781228444593, current=UP, previous=STARTING]
2026-06-11 19:40:44 - DiscoveryClient_STUDENTS-SERVICE/192.168.0.102:students-service:8081: registering service...
2026-06-11 19:40:44 - Tomcat started on port 8081 (http) with context path ''
2026-06-11 19:40:44 - Updating port to 8081
2026-06-11 19:40:44 - DiscoveryClient_STUDENTS-SERVICE/192.168.0.102:students-service:8081 - registration status: 204
2026-06-11 19:40:45 - Started StudentsServiceApplication in 46.162 seconds (process running for 46.936)
2026-06-11 19:43:50 - Initializing Spring DispatcherServlet 'dispatcherServlet'
2026-06-11 19:43:50 - Initializing Servlet 'dispatcherServlet'
2026-06-11 19:43:50 - Completed initialization in 3 ms
2026-06-11 19:43:50 - Se está obteniendo la lista de estudiantes
2026-06-11 19:43:50 - Se está obteniendo la lista de estudiantes
2026-06-11 19:44:17 - Se está obteniendo la lista de estudiantes
2026-06-11 19:44:53 - Se está obteniendo la lista de estudiantes
2026-06-11 19:45:05 - Se está obteniendo la lista de estudiantes
2026-06-11 19:45:17 - Se está obteniendo la lista de estudiantes
2026-06-11 19:45:44 - Resolving eureka endpoints via configuration
2026-06-11 19:50:44 - Resolving eureka endpoints via configuration
2026-06-11 19:55:44 - Resolving eureka endpoints via configuration
2026-06-11 20:00:44 - Resolving eureka endpoints via configuration
2026-06-11 20:05:44 - Resolving eureka endpoints via configuration
2026-06-11 20:07:21 - Se está obteniendo la lista de estudiantes
2026-06-11 20:07:21 - Se está obteniendo la lista de estudiantes
2026-06-11 20:10:44 - Resolving eureka endpoints via configuration
2026-06-11 20:15:44 - Resolving eureka endpoints via configuration
2026-06-11 20:20:44 - Resolving eureka endpoints via configuration
2026-06-11 20:25:44 - Resolving eureka endpoints via configuration
2026-06-11 20:30:44 - Resolving eureka endpoints via configuration
2026-06-11 20:35:44 - Resolving eureka endpoints via configuration
